// Jest Snapshot v1, https://goo.gl/fbAQLP

exports[`Header should match snapshot 1`] = `
<div
  class="sc-bczRLJ bsMIqx"
  id="services"
>
  <h1
    class="sc-gsnTZi gSiNDo"
  >
    Servi√ßos
  </h1>
  <span
    class="sc-dkzDqf jdJdDv"
  />
  <div
    class="sc-hKMtZM fvJiXf"
  >
    <div
      class="sc-eCYdqJ jmxKtw"
    >
      <svg
        fill="none"
        height="40"
        stroke="currentColor"
        stroke-linecap="round"
        stroke-linejoin="round"
        stroke-width="2"
        viewBox="0 0 24 24"
        width="40"
        xmlns="http://www.w3.org/2000/svg"
      >
        <polygon
          points="12 2 2 7 12 12 22 7 12 2"
        />
        <polyline
          points="2 17 12 22 22 17"
        />
        <polyline
          points="2 12 12 17 22 12"
        />
      </svg>
      <div
        class="sc-jSMfEi bHwFYj"
      >
        <h2
          class="sc-gKXOVf kMABnC"
        >
          UI/UX Design
        </h2>
        <span
          class="sc-iBkjds cRVuwR"
        />
        <p
          class="sc-ftvSup jDzSUa"
        >
          Conversar
        </p>
        <svg
          fill="currentColor"
          height="30"
          stroke="currentColor"
          stroke-width="0"
          viewBox="0 0 16 16"
          width="30"
          xmlns="http://www.w3.org/2000/svg"
        >
          <path
            d="M1 8a.5.5 0 0 1 .5-.5h11.793l-3.147-3.146a.5.5 0 0 1 .708-.708l4 4a.5.5 0 0 1 0 .708l-4 4a.5.5 0 0 1-.708-.708L13.293 8.5H1.5A.5.5 0 0 1 1 8z"
            fill-rule="evenodd"
          />
        </svg>
      </div>
    </div>
    <div
      class="sc-eCYdqJ jmxKtw"
    >
      <svg
        fill="currentColor"
        height="40"
        stroke="currentColor"
        stroke-width="0"
        viewBox="0 0 16 16"
        width="40"
        xmlns="http://www.w3.org/2000/svg"
      >
        <path
          d="M8.186 1.113a.5.5 0 0 0-.372 0L1.846 3.5 8 5.961 14.154 3.5 8.186 1.113zM15 4.239l-6.5 2.6v7.922l6.5-2.6V4.24zM7.5 14.762V6.838L1 4.239v7.923l6.5 2.6zM7.443.184a1.5 1.5 0 0 1 1.114 0l7.129 2.852A.5.5 0 0 1 16 3.5v8.662a1 1 0 0 1-.629.928l-7.185 2.874a.5.5 0 0 1-.372 0L.63 13.09a1 1 0 0 1-.63-.928V3.5a.5.5 0 0 1 .314-.464L7.443.184z"
        />
      </svg>
      <div
        class="sc-jSMfEi bHwFYj"
      >
        <h2
          class="sc-gKXOVf kMABnC"
        >
          Product Design
        </h2>
        <span
          class="sc-iBkjds cRVuwR"
        />
        <p
          class="sc-ftvSup jDzSUa"
        >
          Conversar
        </p>
        <svg
          fill="currentColor"
          height="30"
          stroke="currentColor"
          stroke-width="0"
          viewBox="0 0 16 16"
          width="30"
          xmlns="http://www.w3.org/2000/svg"
        >
          <path
            d="M1 8a.5.5 0 0 1 .5-.5h11.793l-3.147-3.146a.5.5 0 0 1 .708-.708l4 4a.5.5 0 0 1 0 .708l-4 4a.5.5 0 0 1-.708-.708L13.293 8.5H1.5A.5.5 0 0 1 1 8z"
            fill-rule="evenodd"
          />
        </svg>
      </div>
    </div>
    <div
      class="sc-eCYdqJ jmxKtw"
    >
      <svg
        fill="none"
        height="40"
        stroke="currentColor"
        stroke-linecap="round"
        stroke-linejoin="round"
        stroke-width="2"
        viewBox="0 0 24 24"
        width="40"
        xmlns="http://www.w3.org/2000/svg"
      >
        <path
          d="M12 3h7a2 2 0 0 1 2 2v14a2 2 0 0 1-2 2h-7m0-18H5a2 2 0 0 0-2 2v14a2 2 0 0 0 2 2h7m0-18v18"
        />
      </svg>
      <div
        class="sc-jSMfEi bHwFYj"
      >
        <h2
          class="sc-gKXOVf kMABnC"
        >
          Branding Design
        </h2>
        <span
          class="sc-iBkjds cRVuwR"
        />
        <p
          class="sc-ftvSup jDzSUa"
        >
          Conversar
        </p>
        <svg
          fill="currentColor"
          height="30"
          stroke="currentColor"
          stroke-width="0"
          viewBox="0 0 16 16"
          width="30"
          xmlns="http://www.w3.org/2000/svg"
        >
          <path
            d="M1 8a.5.5 0 0 1 .5-.5h11.793l-3.147-3.146a.5.5 0 0 1 .708-.708l4 4a.5.5 0 0 1 0 .708l-4 4a.5.5 0 0 1-.708-.708L13.293 8.5H1.5A.5.5 0 0 1 1 8z"
            fill-rule="evenodd"
          />
        </svg>
      </div>
    </div>
    <div
      class="sc-eCYdqJ jmxKtw"
    >
      <svg
        fill="currentColor"
        height="40"
        stroke="currentColor"
        stroke-width="0"
        viewBox="0 0 16 16"
        width="40"
        xmlns="http://www.w3.org/2000/svg"
      >
        <path
          d="M5.854 4.854a.5.5 0 1 0-.708-.708l-3.5 3.5a.5.5 0 0 0 0 .708l3.5 3.5a.5.5 0 0 0 .708-.708L2.707 8l3.147-3.146zm4.292 0a.5.5 0 0 1 .708-.708l3.5 3.5a.5.5 0 0 1 0 .708l-3.5 3.5a.5.5 0 0 1-.708-.708L13.293 8l-3.147-3.146z"
        />
      </svg>
      <div
        class="sc-jSMfEi bHwFYj"
      >
        <h2
          class="sc-gKXOVf kMABnC"
        >
          Front End Development
        </h2>
        <span
          class="sc-iBkjds cRVuwR"
        />
        <p
          class="sc-ftvSup jDzSUa"
        >
          Conversar
        </p>
        <svg
          fill="currentColor"
          height="30"
          stroke="currentColor"
          stroke-width="0"
          viewBox="0 0 16 16"
          width="30"
          xmlns="http://www.w3.org/2000/svg"
        >
          <path
            d="M1 8a.5.5 0 0 1 .5-.5h11.793l-3.147-3.146a.5.5 0 0 1 .708-.708l4 4a.5.5 0 0 1 0 .708l-4 4a.5.5 0 0 1-.708-.708L13.293 8.5H1.5A.5.5 0 0 1 1 8z"
            fill-rule="evenodd"
          />
        </svg>
      </div>
    </div>
  </div>
</div>
`;
