// Jest Snapshot v1, https://goo.gl/fbAQLP

exports[`Header should match snapshot 1`] = `
<section
  class="sc-bczRLJ jHAsVv"
>
  <div
    class="sc-gsnTZi ccVAOU"
  >
    <h1
      class="sc-dkzDqf AmAtf"
    >
      Depoimentos
    </h1>
    <span
      class="sc-hKMtZM gJirKR"
    />
  </div>
  <div
    class="sc-eCYdqJ bHZJHf"
  >
    <div
      class="sc-jSMfEi gpDDAF"
    >
      <div
        class="sc-gKXOVf fBLpbJ"
      >
        <img
          class="sc-iBkjds dkqgAN"
        />
        <div
          class="sc-ftvSup crjbSj"
        >
          <h4
            class="sc-papXJ hmtoov"
          >
            Sundar Pichai
          </h4>
          <p
            class="sc-jqUVSM eWDbCB"
          >
            CEO & Founder do 
            <span>
              Google
            </span>
          </p>
        </div>
      </div>
      <div
        class="sc-gKXOVf fBLpbJ"
      >
        <img
          class="sc-iBkjds dkqgAN"
        />
        <div
          class="sc-ftvSup crjbSj"
        >
          <h4
            class="sc-papXJ hmtoov"
          >
            Shantanu Narayen
          </h4>
          <p
            class="sc-jqUVSM eWDbCB"
          >
            CEO do 
            <span>
              Adobe
            </span>
          </p>
        </div>
      </div>
      <div
        class="sc-gKXOVf fBLpbJ"
      >
        <img
          class="sc-iBkjds dkqgAN"
        />
        <div
          class="sc-ftvSup crjbSj"
        >
          <h4
            class="sc-papXJ hmtoov"
          >
            Noah Levin
          </h4>
          <p
            class="sc-jqUVSM eWDbCB"
          >
            Director of Design, 
            <span>
              Figma
            </span>
          </p>
        </div>
      </div>
      <div
        class="sc-gKXOVf fBLpbJ"
      >
        <img
          class="sc-iBkjds dkqgAN"
        />
        <div
          class="sc-ftvSup crjbSj"
        >
          <h4
            class="sc-papXJ hmtoov"
          >
            Stewart Butterfield
          </h4>
          <p
            class="sc-jqUVSM eWDbCB"
          >
            CEO & Founder do 
            <span>
              Slack
            </span>
          </p>
        </div>
      </div>
    </div>
    <div
      class="sc-kDDrLX kwuUxr"
    >
      <div
        class="sc-iqcoie fUATsx"
      >
        <svg
          color="#c5c502"
          fill="currentColor"
          height="23"
          stroke="currentColor"
          stroke-width="0"
          style="color: rgb(197, 197, 2);"
          viewBox="0 0 1024 1024"
          width="23"
          xmlns="http://www.w3.org/2000/svg"
        >
          <path
            d="M908.1 353.1l-253.9-36.9L540.7 86.1c-3.1-6.3-8.2-11.4-14.5-14.5-15.8-7.8-35-1.3-42.9 14.5L369.8 316.2l-253.9 36.9c-7 1-13.4 4.3-18.3 9.3a32.05 32.05 0 0 0 .6 45.3l183.7 179.1-43.4 252.9a31.95 31.95 0 0 0 46.4 33.7L512 754l227.1 119.4c6.2 3.3 13.4 4.4 20.3 3.2 17.4-3 29.1-19.5 26.1-36.9l-43.4-252.9 183.7-179.1c5-4.9 8.3-11.3 9.3-18.3 2.7-17.5-9.5-33.7-27-36.3z"
          />
        </svg>
        <p
          class="sc-crXcEl beAhNn"
        >
          5.0 Avaliação por entrelas
        </p>
      </div>
      <p
        class="sc-evZas brjeHb"
      >
        “Se você está procurando alguém que desafie seu pensamento de Front e realmente vá a fundo no que é importante para os usuários, Carlos é o seu homem. Além disso, ele traz um nível de entusiasmo ao ofício que é energizante para todos que trabalham com ele.”
      </p>
    </div>
  </div>
</section>
`;
