// Jest Snapshot v1, https://goo.gl/fbAQLP

exports[`Header should match snapshot 1`] = `
<section
  class="sc-bczRLJ iXPwFt"
>
  <h3
    class="sc-gsnTZi dAbBhE"
  >
    Tem um projeto que quer tirar do papel? 
    <br />
    Vamos criar algo incr√≠vel 
    <span
      class="sc-dkzDqf bEnnWw"
    >
      juntos
    </span>
    .
  </h3>
  <button
    class="sc-hKMtZM cYkUhH"
  >
    <a
      href="mailto:fernandes.cadu@gmail.com"
    >
      Contrate me 
    </a>
    <svg
      fill="currentColor"
      height="24"
      stroke="currentColor"
      stroke-width="0"
      viewBox="0 0 16 16"
      width="24"
      xmlns="http://www.w3.org/2000/svg"
    >
      <path
        d="M1 8a.5.5 0 0 1 .5-.5h11.793l-3.147-3.146a.5.5 0 0 1 .708-.708l4 4a.5.5 0 0 1 0 .708l-4 4a.5.5 0 0 1-.708-.708L13.293 8.5H1.5A.5.5 0 0 1 1 8z"
        fill-rule="evenodd"
      />
    </svg>
  </button>
</section>
`;
